// Jest Snapshot v1, https://goo.gl/fbAQLP

exports[`matches snapshot 1`] = `
<div
  className="betOption rock  "
  onClick={[Function]}
>
  <div>
    ROCK
     
  </div>
</div>
`;
